Godot Engine v4.7.2.stable.official.ed1daf0bf - https://godotengine.org

Running tests...
PASS: res://tests/core/test_core.gd::test_dvec3_precision
PASS: res://tests/core/test_core.gd::test_universe_position_carry
PASS: res://tests/core/test_core.gd::test_universe_position_difference
PASS: res://tests/core/test_core.gd::test_gamescale_period
PASS: res://tests/core/test_core.gd::test_simulation_clock
PASS: res://tests/core/test_flight.gd::test_ship_sim_time_advances
PASS: res://tests/core/test_flight.gd::test_game_manager_transition_and_orbit
PASS: res://tests/core/test_origin_service.gd::test_origin_service_100_shifts_relative_precision
PASS: res://tests/core/test_origin_service.gd::test_origin_service_600km_precision
PASS: res://tests/core/test_origin_service.gd::test_origin_service_focus_tracking_no_pingpong
PASS: res://tests/fx/test_visuals_smoke.gd::test_earth_visual_scene_and_material
PASS: res://tests/fx/test_visuals_smoke.gd::test_moon_visual_scene_and_material
PASS: res://tests/fx/test_visuals_smoke.gd::test_sky_environment_scene_and_material
PASS: res://tests/fx/test_visuals_smoke.gd::test_all_materials_load_and_compile
PASS: res://tests/gameplay/test_crafting.gd::test_recipes_count
PASS: res://tests/gameplay/test_crafting.gd::test_refiner_ore_to_plate
PASS: res://tests/gameplay/test_crafting.gd::test_insufficient_ingredients_fails
PASS: res://tests/gameplay/test_crafting.gd::test_upgrade_suit_o2_three_tiers
PASS: res://tests/gameplay/test_crafting.gd::test_upgrade_ship_fuel_three_tiers
PASS: res://tests/gameplay/test_crafting.gd::test_upgrade_mining_speed_three_tiers
PASS: res://tests/gameplay/test_crafting.gd::test_serialization_roundtrip
PASS: res://tests/gameplay/test_discovery_scanner.gd::test_discovery_registration_and_categories
PASS: res://tests/gameplay/test_discovery_scanner.gd::test_discovery_upload_and_credits
PASS: res://tests/gameplay/test_discovery_scanner.gd::test_upload_all_pending
PASS: res://tests/gameplay/test_discovery_scanner.gd::test_rename_discovery
PASS: res://tests/gameplay/test_discovery_scanner.gd::test_scanner_standalone_no_scattersystem
PASS: res://tests/gameplay/test_discovery_scanner.gd::test_scanner_detects_scannable_group
PASS: res://tests/gameplay/test_discovery_scanner.gd::test_discovery_serialization
PASS: res://tests/gameplay/test_inventory.gd::test_item_def_loading
PASS: res://tests/gameplay/test_inventory.gd::test_add_and_get_item
PASS: res://tests/gameplay/test_inventory.gd::test_remove_item
PASS: res://tests/gameplay/test_inventory.gd::test_mass_capacity_limit
PASS: res://tests/gameplay/test_inventory.gd::test_slot_capacity_limit
PASS: res://tests/gameplay/test_inventory.gd::test_transfer_to
PASS: res://tests/gameplay/test_inventory.gd::test_serialization_roundtrip
PASS: res://tests/gameplay/test_mining.gd::test_resource_node_mine_depletion
PASS: res://tests/gameplay/test_mining.gd::test_resource_node_yield_to_inventory
PASS: res://tests/gameplay/test_mining.gd::test_resource_node_hardness
PASS: res://tests/gameplay/test_mining.gd::test_mining_laser_heat_and_overheat
PASS: res://tests/gameplay/test_save_service.gd::test_universe_position_roundtrip
PASS: res://tests/gameplay/test_save_service.gd::test_save_and_load_profile
PASS: res://tests/gameplay/test_save_service.gd::test_migration_from_v0_legacy
PASS: res://tests/gameplay/test_save_service.gd::test_systems_state_roundtrip
PASS: res://tests/gameplay/test_survival.gd::test_earth_environment_benign
PASS: res://tests/gameplay/test_survival.gd::test_moon_environment_hazards
PASS: res://tests/gameplay/test_survival.gd::test_moon_hazard_drain_and_breach
PASS: res://tests/gameplay/test_survival.gd::test_ship_safe_haven_recharge
PASS: res://tests/gameplay/test_survival.gd::test_death_and_respawn_signal
PASS: res://tests/gameplay/test_survival.gd::test_replenish_consumables
PASS: res://tests/gameplay/test_survival.gd::test_serialization_roundtrip
PASS: res://tests/planet/test_planet_quadtree.gd::test_spherified_cube_mapping
PASS: res://tests/planet/test_planet_quadtree.gd::test_cpu_noise_deterministic
PASS: res://tests/planet/test_planet_quadtree.gd::test_quadtree_split_and_merge
PASS: res://tests/planet/test_planet_quadtree.gd::test_edge_height_continuity_same_lod
PASS: res://tests/planet/test_planet_quadtree.gd::test_edge_height_continuity_across_faces
PASS: res://tests/planet/test_planet_quadtree.gd::test_skirts_generation
PASS: res://tests/planet/test_planet_quadtree.gd::test_earth_height_determinism
PASS: res://tests/planet/test_planet_quadtree.gd::test_moon_crater_noise_determinism
PASS: res://tests/planet/test_planet_quadtree.gd::test_moon_crater_profile
PASS: res://tests/planet/test_planet_quadtree.gd::test_collision_mesh_sync_generation
PASS: res://tests/planet/test_planet_quadtree.gd::test_ocean_renderer_collision_free
PASS: res://tests/planet/test_planet_quadtree.gd::test_ocean_renderer_quality_tier_switching
PASS: res://tests/planet/test_planet_quadtree.gd::test_planet_runtime_altitude_thresholds
PASS: res://tests/planet/test_planet_quadtree.gd::test_geomorph_edge_height_sharing
WARNING: GPU heights unavailable (no RenderingDevice). Falling back to CPU/analytic.
   at: push_warning (core/variant/variant_utility.cpp:1033)
   GDScript backtrace (most recent call first):
       [0] _init (res://game/planet/core/gpu_height_generator.gd:13)
       [1] _ready (res://game/planet/core/planet_quadtree.gd:53)
       [2] test_rapid_camera_movement (res://tests/planet/test_planet_streaming.gd:5)
       [3] _init (res://tests/run_tests.gd:28)
PASS: res://tests/planet/test_planet_streaming.gd::test_rapid_camera_movement
PASS: res://tests/player/test_flight_model.gd::test_scale_height_atmosphere_earth_and_moon
PASS: res://tests/player/test_flight_model.gd::test_inertia_scaled_torque
PASS: res://tests/player/test_flight_model.gd::test_assisted_flight_mode_damping
PASS: res://tests/player/test_flight_model.gd::test_landing_evaluation_limits
PASS: res://tests/player/test_flight_model.gd::test_agl_radar_calculation
PASS: res://tests/player_rig/test_camera_controller.gd::test_camera_mode_cycle
PASS: res://tests/player_rig/test_camera_controller.gd::test_camera_trauma_and_shake
PASS: res://tests/player_rig/test_camera_controller.gd::test_dynamic_fov_by_speed
PASS: res://tests/player_rig/test_on_foot_rig.gd::test_on_foot_rig_camera_toggle
PASS: res://tests/player_rig/test_on_foot_rig.gd::test_on_foot_lunar_gravity
PASS: res://tests/player_rig/test_on_foot_rig.gd::test_on_foot_jetpack_fuel_drain_and_recharge
PASS: res://tests/player_rig/test_on_foot_rig.gd::test_on_foot_active_toggle
PASS: res://tests/player_rig/test_player_rig.gd::test_player_rig_initial_mode
PASS: res://tests/player_rig/test_player_rig.gd::test_player_rig_eva_blocked_in_flight
PASS: res://tests/player_rig/test_player_rig.gd::test_player_rig_eva_allowed_when_landed
PASS: res://tests/player_rig/test_player_rig.gd::test_player_rig_hatch_position_and_reentry
PASS: res://tests/smoke/test_main_scene_loads.gd::test_main_scene_loads
PASS: res://tests/smoke/test_main_scene_loads.gd::test_legacy_scene_preserved
PASS: res://tests/smoke/test_main_scene_loads.gd::test_input_map_actions
PASS: res://tests/smoke/test_visuals_integration.gd::test_main_scene_visuals_integration
PASS: res://tests/smoke/test_visuals_integration.gd::test_ship_visuals_and_sockets_integration
PASS: res://tests/ui/test_hud_components.gd::test_flight_telemetry_display
PASS: res://tests/ui/test_hud_components.gd::test_suit_bars_display
PASS: res://tests/ui/test_hud_components.gd::test_orbit_map_zoom_and_pan
PASS: res://tests/ui/test_hud_components.gd::test_touch_controls_mode_toggle
PASS: res://tests/ui/test_inventory_and_menus.gd::test_inventory_grid_init_and_navigation
PASS: res://tests/ui/test_inventory_and_menus.gd::test_inventory_item_details_inspection
PASS: res://tests/ui/test_inventory_and_menus.gd::test_pause_menu_focus_and_open_close
PASS: res://tests/ui/test_inventory_and_menus.gd::test_game_ui_mode_switching
PASS: res://tests/ui/test_tutorial_director.gd::test_tutorial_initial_steps
PASS: res://tests/ui/test_tutorial_director.gd::test_tutorial_step_progression
PASS: res://tests/ui/test_tutorial_director.gd::test_tutorial_failure_and_respawn_at_base
PASS: res://tests/universe/test_gravity_orbits.gd::test_leo_circular_orbit_10_orbits
PASS: res://tests/universe/test_gravity_orbits.gd::test_escape_velocity
PASS: res://tests/universe/test_gravity_orbits.gd::test_soi_earth_moon_continuity
PASS: res://tests/universe/test_universe.gd::test_kepler_solver
PASS: res://tests/universe/test_universe.gd::test_round_trip
PASS: res://tests/universe/test_universe.gd::test_circular_orbit_period
PASS: res://tests/universe/test_universe.gd::test_energy_conservation
PASS: res://tests/universe/test_universe.gd::test_earth_heliocentric
PASS: res://tests/universe/test_universe.gd::test_dominant_body
PASS: res://tests/universe/test_universe.gd::test_shim_solar_system_data
PASS: res://tests/universe/test_universe.gd::test_old_calculate_orbit
---
Tests: 108 passed / 108 total
WARNING: 3 ObjectDB instances were leaked at exit (run with `--verbose` for details).
   at: cleanup (core/object/object.cpp:2536)
ERROR: 1 resources still in use at exit (run with --verbose for details).
   at: clear (core/io/resource.cpp:822)
